../Core/HAL/Motors/MotorDriver_Program.c:14:6:MotorDriver_voidMoveForward	16	static
../Core/HAL/Motors/MotorDriver_Program.c:28:6:MotorDriver_voidMoveBackward	16	static
../Core/HAL/Motors/MotorDriver_Program.c:41:6:MotorDriver_voidMoveRight	16	static
../Core/HAL/Motors/MotorDriver_Program.c:54:6:MotorDriver_voidMoveLeft	16	static
../Core/HAL/Motors/MotorDriver_Program.c:67:6:MotorDriver_voidMoveForRight	16	static
../Core/HAL/Motors/MotorDriver_Program.c:80:6:MotorDriver_voidMoveForLeft	16	static
../Core/HAL/Motors/MotorDriver_Program.c:93:6:MotorDriver_voidMoveBackRight	16	static
../Core/HAL/Motors/MotorDriver_Program.c:106:6:MotorDriver_voidMoveBackLeft	16	static
../Core/HAL/Motors/MotorDriver_Program.c:120:6:MotorDriver_voidStop	8	static
