../Core/Src/MotorDriver_Program.c:14:6:MotorDriver_voidMoveForward	16	static
../Core/Src/MotorDriver_Program.c:23:6:MotorDriver_voidMoveBackward	16	static
../Core/Src/MotorDriver_Program.c:33:6:MotorDriver_voidMoveRight	16	static
../Core/Src/MotorDriver_Program.c:42:6:MotorDriver_voidMoveLeft	16	static
../Core/Src/MotorDriver_Program.c:51:6:MotorDriver_voidMoveForRight	16	static
../Core/Src/MotorDriver_Program.c:61:6:MotorDriver_voidMoveForLeft	16	static
../Core/Src/MotorDriver_Program.c:71:6:MotorDriver_voidMoveBackRight	16	static
../Core/Src/MotorDriver_Program.c:81:6:MotorDriver_voidMoveBackLeft	16	static
../Core/Src/MotorDriver_Program.c:90:6:MotorDriver_voidStop	8	static
